Run: x2_F50k_chance_s0
Config: episodes=50000, sims=400, batch=128, train_device=cuda:0, fresh=True
GPU: 0
Search: chance (mode 1, pw_k=1.0, pw_alpha=0.5)
GD model: /home/max/heroes-of-the-storm/training/rerun2026/models/generic_draft_0.pt
WP model: enriched full (283d, no step embed)
  WP weights: 107265 floats, 3 layers
StatsCache: loaded frozen snapshot (2026-05-22, patch 2.55)
compositions: own-corpus table /home/max/heroes-of-the-storm/training/paper1_revision/cache/stats/deploy_compositions.json
  LUT blob: 232436 bytes (227.0 KB)
Policy (base, head=linear): 4,368,091 params on cuda:0
Bootstrapped policy head (partial: 128/256 input dims + bias)
Pre-training value head on replay data (device=cuda:0)...
Loaded 1956753 replays from pinned snapshot replay_snapshot_2026-05-22_1956753.json
Pretrain data filter: 1956753 -> 1871892 replays (84861 excluded)
  Value pre-train epoch 5: loss=0.2495
  Value pre-train epoch 10: loss=0.2484
  Value pre-train epoch 15: loss=0.2476
  Value pre-train epoch 20: loss=0.2471
  Value pre-train epoch 25: loss=0.2468
  Value pre-train epoch 30: loss=0.2465
Value head pre-training complete
CUDA kernel engine (batch=128, WP in-kernel)
Ring buffer: 150000 entries, 270 MB
Episode 128: wp=0.5991 buffer=1024 lr=0.001000 [3.5 ep/s, ETA 3.9h]
Episode 256: wp=0.4335 buffer=2048 lr=0.001000 [6.2 ep/s, ETA 2.2h]
Episode 384: wp=0.6328 buffer=3072 lr=0.001000 [8.4 ep/s, ETA 1.7h]
Episode 512: wp=0.5173 buffer=4096 lr=0.001000 [10.1 ep/s, ETA 1.4h]
Episode 640: wp=0.6248 buffer=5120 lr=0.001000 [11.6 ep/s, ETA 1.2h]
Episode 768: wp=0.5372 buffer=6144 lr=0.001000 [12.8 ep/s, ETA 1.1h]
Episode 896: wp=0.7889 buffer=7168 lr=0.001000 [13.8 ep/s, ETA 1.0h]
Episode 1024: wp=0.5535 buffer=8192 lr=0.001000 [14.7 ep/s, ETA 0.9h]
Episode 1152: wp=0.5085 buffer=9216 lr=0.001000 [15.5 ep/s, ETA 0.9h]
Episode 1280: wp=0.7159 buffer=10240 lr=0.001000 [15.6 ep/s, ETA 0.9h]
Episode 1408: wp=0.5080 buffer=11264 lr=0.001000 [15.3 ep/s, ETA 0.9h]
Episode 1536: wp=0.4494 buffer=12288 lr=0.001000 [15.1 ep/s, ETA 0.9h]
Episode 1664: wp=0.5000 buffer=13312 lr=0.001000 [15.0 ep/s, ETA 0.9h]
Episode 1792: wp=0.6065 buffer=14336 lr=0.001000 [14.8 ep/s, ETA 0.9h]
Episode 1920: wp=0.4511 buffer=15360 lr=0.001000 [14.7 ep/s, ETA 0.9h]
Episode 2048: wp=0.5747 buffer=16384 lr=0.001000 [14.6 ep/s, ETA 0.9h]
Episode 2176: wp=0.6539 buffer=17408 lr=0.001000 [14.5 ep/s, ETA 0.9h]
Episode 2304: wp=0.6268 buffer=18432 lr=0.001000 [14.4 ep/s, ETA 0.9h]
Episode 2432: wp=0.4129 buffer=19456 lr=0.001000 [14.4 ep/s, ETA 0.9h]
Episode 2560: wp=0.7037 buffer=20480 lr=0.001000 [14.3 ep/s, ETA 0.9h]
Episode 2688: wp=0.7386 buffer=21504 lr=0.001000 [14.3 ep/s, ETA 0.9h]
  Resume checkpoint @ 2688 (pause, 3 pending batches)
PAUSED at episode 2688 (exit 75)
Run: x2_F50k_chance_s0
Config: episodes=50000, sims=400, batch=128, train_device=cuda:0, fresh=False
GPU: 0
Search: chance (mode 1, pw_k=1.0, pw_alpha=0.5)
GD model: /home/max/heroes-of-the-storm/training/rerun2026/models/generic_draft_0.pt
WP model: enriched full (283d, no step embed)
  WP weights: 107265 floats, 3 layers
StatsCache: loaded frozen snapshot (2026-05-22, patch 2.55)
compositions: own-corpus table /home/max/heroes-of-the-storm/training/paper1_revision/cache/stats/deploy_compositions.json
  LUT blob: 232436 bytes (227.0 KB)
Policy (base, head=linear): 4,368,091 params on cuda:0
Resumed from resume_state.pt: episode 2688, best_wp=0.0000, 3 pending batches
Restored optimizer + scheduler (resume_state)
CUDA kernel engine (batch=128, WP in-kernel)
Ring buffer: 150000 entries, 270 MB
Episode 2816: wp=0.5771 buffer=22528 lr=0.001000 [4.3 ep/s, ETA 3.1h]
Episode 2944: wp=0.4770 buffer=23552 lr=0.001000 [8.5 ep/s, ETA 1.5h]
Episode 3072: wp=0.6328 buffer=24576 lr=0.001000 [12.7 ep/s, ETA 1.0h]
Episode 3200: wp=0.6537 buffer=25600 lr=0.001000 [12.7 ep/s, ETA 1.0h]
Episode 3328: wp=0.5073 buffer=26624 lr=0.001000 [12.8 ep/s, ETA 1.0h]
Episode 3456: wp=0.6354 buffer=27648 lr=0.001000 [12.8 ep/s, ETA 1.0h]
Episode 3584: wp=0.4520 buffer=28672 lr=0.001000 [12.8 ep/s, ETA 1.0h]
Episode 3712: wp=0.4690 buffer=29696 lr=0.001000 [12.8 ep/s, ETA 1.0h]
Episode 3840: wp=0.6307 buffer=30720 lr=0.001000 [12.8 ep/s, ETA 1.0h]
Episode 3968: wp=0.6984 buffer=31744 lr=0.001000 [12.7 ep/s, ETA 1.0h]
Episode 4096: wp=0.6445 buffer=32768 lr=0.001000 [12.8 ep/s, ETA 1.0h]
Episode 4224: wp=0.7167 buffer=33792 lr=0.001000 [12.8 ep/s, ETA 1.0h]
Episode 4352: wp=0.4056 buffer=34816 lr=0.001000 [12.8 ep/s, ETA 1.0h]
Episode 4480: wp=0.5560 buffer=35840 lr=0.001000 [12.8 ep/s, ETA 1.0h]
Episode 4608: wp=0.6504 buffer=36864 lr=0.001000 [12.8 ep/s, ETA 1.0h]
Episode 4736: wp=0.6204 buffer=37888 lr=0.001000 [12.8 ep/s, ETA 1.0h]
Episode 4864: wp=0.5779 buffer=38912 lr=0.001000 [12.8 ep/s, ETA 1.0h]
Episode 4992: wp=0.7168 buffer=39936 lr=0.001000 [12.8 ep/s, ETA 1.0h]
Episode 5120: wp=0.4441 buffer=40960 lr=0.001000 [12.8 ep/s, ETA 1.0h]

  EVAL @ 5120: avg_wp=0.5829 win_rate=80.0%

  New best! Saved to /home/max/heroes-of-the-storm/training/cuda_mcts/x2_results/selfplay/F50k_chance_s0

Episode 5248: wp=0.5694 buffer=41984 lr=0.001000 [12.4 ep/s, ETA 1.0h]
Episode 5376: wp=0.6365 buffer=43008 lr=0.001000 [12.5 ep/s, ETA 1.0h]
Episode 5504: wp=0.7938 buffer=44032 lr=0.001000 [12.5 ep/s, ETA 1.0h]
Episode 5632: wp=0.7371 buffer=45056 lr=0.001000 [12.5 ep/s, ETA 1.0h]
Episode 5760: wp=0.5367 buffer=46080 lr=0.001000 [12.5 ep/s, ETA 1.0h]
Episode 5888: wp=0.5251 buffer=47104 lr=0.001000 [12.5 ep/s, ETA 1.0h]
Episode 6016: wp=0.4795 buffer=48128 lr=0.001000 [12.5 ep/s, ETA 1.0h]
Episode 6144: wp=0.7903 buffer=49152 lr=0.001000 [12.6 ep/s, ETA 1.0h]
Episode 6272: wp=0.6780 buffer=50176 lr=0.001000 [12.6 ep/s, ETA 1.0h]
Episode 6400: wp=0.6279 buffer=51200 lr=0.001000 [12.6 ep/s, ETA 1.0h]
Episode 6528: wp=0.6244 buffer=52224 lr=0.001000 [12.6 ep/s, ETA 1.0h]
Episode 6656: wp=0.6727 buffer=53248 lr=0.001000 [12.6 ep/s, ETA 1.0h]
Episode 6784: wp=0.5548 buffer=54272 lr=0.001000 [12.6 ep/s, ETA 1.0h]
Episode 6912: wp=0.6756 buffer=55296 lr=0.001000 [12.6 ep/s, ETA 0.9h]
Episode 7040: wp=0.7058 buffer=56320 lr=0.001000 [12.6 ep/s, ETA 0.9h]
Episode 7168: wp=0.7136 buffer=57344 lr=0.001000 [12.6 ep/s, ETA 0.9h]
Episode 7296: wp=0.5576 buffer=58368 lr=0.001000 [12.6 ep/s, ETA 0.9h]
Episode 7424: wp=0.7718 buffer=59392 lr=0.001000 [12.6 ep/s, ETA 0.9h]
Episode 7552: wp=0.7575 buffer=60416 lr=0.001000 [12.6 ep/s, ETA 0.9h]
Episode 7680: wp=0.6170 buffer=61440 lr=0.001000 [12.6 ep/s, ETA 0.9h]
Episode 7808: wp=0.6954 buffer=62464 lr=0.001000 [12.6 ep/s, ETA 0.9h]
Episode 7936: wp=0.5948 buffer=63488 lr=0.001000 [12.6 ep/s, ETA 0.9h]
Episode 8064: wp=0.6271 buffer=64512 lr=0.001000 [12.7 ep/s, ETA 0.9h]
Episode 8192: wp=0.4072 buffer=65536 lr=0.001000 [12.7 ep/s, ETA 0.9h]
Episode 8320: wp=0.7196 buffer=66560 lr=0.001000 [12.7 ep/s, ETA 0.9h]
Episode 8448: wp=0.6353 buffer=67584 lr=0.001000 [12.7 ep/s, ETA 0.9h]
Episode 8576: wp=0.6689 buffer=68608 lr=0.001000 [12.7 ep/s, ETA 0.9h]
Episode 8704: wp=0.6278 buffer=69632 lr=0.001000 [12.7 ep/s, ETA 0.9h]
Episode 8832: wp=0.6769 buffer=70656 lr=0.001000 [12.7 ep/s, ETA 0.9h]
Episode 8960: wp=0.6791 buffer=71680 lr=0.001000 [12.7 ep/s, ETA 0.9h]
Episode 9088: wp=0.5721 buffer=72704 lr=0.001000 [12.7 ep/s, ETA 0.9h]
Episode 9216: wp=0.6891 buffer=73728 lr=0.001000 [12.7 ep/s, ETA 0.9h]
Episode 9344: wp=0.6328 buffer=74752 lr=0.001000 [12.7 ep/s, ETA 0.9h]
Episode 9472: wp=0.4811 buffer=75776 lr=0.001000 [12.7 ep/s, ETA 0.9h]
Episode 9600: wp=0.5912 buffer=76800 lr=0.001000 [12.7 ep/s, ETA 0.9h]
Episode 9728: wp=0.7837 buffer=77824 lr=0.001000 [12.7 ep/s, ETA 0.9h]
Episode 9856: wp=0.5552 buffer=78848 lr=0.001000 [12.7 ep/s, ETA 0.9h]
Episode 9984: wp=0.6082 buffer=79872 lr=0.001000 [12.7 ep/s, ETA 0.9h]
Episode 10112: wp=0.5152 buffer=80896 lr=0.001000 [12.7 ep/s, ETA 0.9h]
Episode 10240: wp=0.7806 buffer=81920 lr=0.001000 [12.7 ep/s, ETA 0.9h]

  EVAL @ 10240: avg_wp=0.6335 win_rate=94.0%

  New best! Saved to /home/max/heroes-of-the-storm/training/cuda_mcts/x2_results/selfplay/F50k_chance_s0

Episode 10368: wp=0.7504 buffer=82944 lr=0.001000 [12.6 ep/s, ETA 0.9h]
Episode 10496: wp=0.7040 buffer=83968 lr=0.001000 [12.7 ep/s, ETA 0.9h]
Episode 10624: wp=0.5923 buffer=84992 lr=0.001000 [12.8 ep/s, ETA 0.9h]
Episode 10752: wp=0.6537 buffer=86016 lr=0.001000 [12.9 ep/s, ETA 0.8h]
Episode 10880: wp=0.4998 buffer=87040 lr=0.001000 [13.0 ep/s, ETA 0.8h]
Episode 11008: wp=0.6015 buffer=88064 lr=0.001000 [13.1 ep/s, ETA 0.8h]
Episode 11136: wp=0.6634 buffer=89088 lr=0.001000 [13.2 ep/s, ETA 0.8h]
Episode 11264: wp=0.6758 buffer=90112 lr=0.001000 [13.3 ep/s, ETA 0.8h]
Episode 11392: wp=0.6254 buffer=91136 lr=0.001000 [13.4 ep/s, ETA 0.8h]
Episode 11520: wp=0.5495 buffer=92160 lr=0.001000 [13.5 ep/s, ETA 0.8h]
Episode 11648: wp=0.6771 buffer=93184 lr=0.001000 [13.6 ep/s, ETA 0.8h]
Episode 11776: wp=0.5107 buffer=94208 lr=0.001000 [13.7 ep/s, ETA 0.8h]
Episode 11904: wp=0.8199 buffer=95232 lr=0.001000 [13.8 ep/s, ETA 0.8h]
Episode 12032: wp=0.5712 buffer=96256 lr=0.001000 [13.9 ep/s, ETA 0.8h]
Episode 12160: wp=0.4974 buffer=97280 lr=0.001000 [14.0 ep/s, ETA 0.8h]
Episode 12288: wp=0.7241 buffer=98304 lr=0.001000 [14.1 ep/s, ETA 0.7h]
Episode 12416: wp=0.6908 buffer=99328 lr=0.001000 [14.2 ep/s, ETA 0.7h]
Episode 12544: wp=0.7897 buffer=100352 lr=0.001000 [14.3 ep/s, ETA 0.7h]
Episode 12672: wp=0.6205 buffer=101376 lr=0.001000 [14.3 ep/s, ETA 0.7h]
Episode 12800: wp=0.6699 buffer=102400 lr=0.001000 [14.4 ep/s, ETA 0.7h]
Episode 12928: wp=0.7472 buffer=103424 lr=0.001000 [14.5 ep/s, ETA 0.7h]
Episode 13056: wp=0.6907 buffer=104448 lr=0.001000 [14.6 ep/s, ETA 0.7h]
Episode 13184: wp=0.7091 buffer=105472 lr=0.001000 [14.7 ep/s, ETA 0.7h]
Episode 13312: wp=0.8223 buffer=106496 lr=0.001000 [14.7 ep/s, ETA 0.7h]
Episode 13440: wp=0.7718 buffer=107520 lr=0.001000 [14.8 ep/s, ETA 0.7h]
Episode 13568: wp=0.7592 buffer=108544 lr=0.001000 [14.9 ep/s, ETA 0.7h]
Episode 13696: wp=0.7968 buffer=109568 lr=0.001000 [15.0 ep/s, ETA 0.7h]
Episode 13824: wp=0.7922 buffer=110592 lr=0.001000 [15.1 ep/s, ETA 0.7h]
Episode 13952: wp=0.5734 buffer=111616 lr=0.001000 [15.1 ep/s, ETA 0.7h]
Episode 14080: wp=0.5573 buffer=112640 lr=0.001000 [15.2 ep/s, ETA 0.7h]
Episode 14208: wp=0.6115 buffer=113664 lr=0.001000 [15.3 ep/s, ETA 0.7h]
Episode 14336: wp=0.6672 buffer=114688 lr=0.001000 [15.4 ep/s, ETA 0.6h]
Episode 14464: wp=0.5719 buffer=115712 lr=0.001000 [15.4 ep/s, ETA 0.6h]
Episode 14592: wp=0.5824 buffer=116736 lr=0.001000 [15.5 ep/s, ETA 0.6h]
Episode 14720: wp=0.6558 buffer=117760 lr=0.001000 [15.6 ep/s, ETA 0.6h]
Episode 14848: wp=0.7835 buffer=118784 lr=0.001000 [15.6 ep/s, ETA 0.6h]
Episode 14976: wp=0.6521 buffer=119808 lr=0.001000 [15.7 ep/s, ETA 0.6h]
Episode 15104: wp=0.8208 buffer=120832 lr=0.001000 [15.8 ep/s, ETA 0.6h]
Episode 15232: wp=0.4678 buffer=121856 lr=0.001000 [15.8 ep/s, ETA 0.6h]
Episode 15360: wp=0.7292 buffer=122880 lr=0.001000 [15.9 ep/s, ETA 0.6h]

  EVAL @ 15360: avg_wp=0.6539 win_rate=94.0%

  New best! Saved to /home/max/heroes-of-the-storm/training/cuda_mcts/x2_results/selfplay/F50k_chance_s0

Episode 15488: wp=0.7454 buffer=123904 lr=0.001000 [15.9 ep/s, ETA 0.6h]
Episode 15616: wp=0.6709 buffer=124928 lr=0.001000 [16.0 ep/s, ETA 0.6h]
Episode 15744: wp=0.5343 buffer=125952 lr=0.001000 [16.1 ep/s, ETA 0.6h]
Episode 15872: wp=0.4996 buffer=126976 lr=0.001000 [16.1 ep/s, ETA 0.6h]
Episode 16000: wp=0.6750 buffer=128000 lr=0.001000 [16.2 ep/s, ETA 0.6h]
Episode 16128: wp=0.6827 buffer=129024 lr=0.001000 [16.2 ep/s, ETA 0.6h]
Episode 16256: wp=0.5879 buffer=130048 lr=0.001000 [16.3 ep/s, ETA 0.6h]
Episode 16384: wp=0.8746 buffer=131072 lr=0.001000 [16.4 ep/s, ETA 0.6h]
Episode 16512: wp=0.7638 buffer=132096 lr=0.001000 [16.4 ep/s, ETA 0.6h]
Episode 16640: wp=0.6380 buffer=133120 lr=0.001000 [16.5 ep/s, ETA 0.6h]
Episode 16768: wp=0.5709 buffer=134144 lr=0.001000 [16.5 ep/s, ETA 0.6h]
Episode 16896: wp=0.5997 buffer=135168 lr=0.001000 [16.6 ep/s, ETA 0.6h]
Episode 17024: wp=0.6098 buffer=136192 lr=0.001000 [16.7 ep/s, ETA 0.6h]
Episode 17152: wp=0.7612 buffer=137216 lr=0.001000 [16.7 ep/s, ETA 0.5h]
Episode 17280: wp=0.6774 buffer=138240 lr=0.000999 [16.8 ep/s, ETA 0.5h]
Episode 17408: wp=0.6946 buffer=139264 lr=0.000999 [16.8 ep/s, ETA 0.5h]
Episode 17536: wp=0.7129 buffer=140288 lr=0.000999 [16.9 ep/s, ETA 0.5h]
Episode 17664: wp=0.7860 buffer=141312 lr=0.000999 [16.9 ep/s, ETA 0.5h]
Episode 17792: wp=0.5494 buffer=142336 lr=0.000999 [17.0 ep/s, ETA 0.5h]
Episode 17920: wp=0.6473 buffer=143360 lr=0.000999 [17.0 ep/s, ETA 0.5h]
Episode 18048: wp=0.6677 buffer=144384 lr=0.000999 [17.1 ep/s, ETA 0.5h]
Episode 18176: wp=0.6377 buffer=145408 lr=0.000999 [17.1 ep/s, ETA 0.5h]
Episode 18304: wp=0.7643 buffer=146432 lr=0.000999 [17.2 ep/s, ETA 0.5h]
Episode 18432: wp=0.6147 buffer=147456 lr=0.000999 [17.2 ep/s, ETA 0.5h]
  Resume checkpoint @ 18432 (periodic, 3 pending batches)
Episode 18560: wp=0.5050 buffer=148480 lr=0.000999 [17.1 ep/s, ETA 0.5h]
Episode 18688: wp=0.6426 buffer=149504 lr=0.000999 [17.2 ep/s, ETA 0.5h]
Episode 18816: wp=0.6898 buffer=150000 lr=0.000999 [17.3 ep/s, ETA 0.5h]
Episode 18944: wp=0.7269 buffer=150000 lr=0.000999 [17.4 ep/s, ETA 0.5h]
Episode 19072: wp=0.5971 buffer=150000 lr=0.000999 [17.4 ep/s, ETA 0.5h]
Episode 19200: wp=0.5340 buffer=150000 lr=0.000999 [17.5 ep/s, ETA 0.5h]
Episode 19328: wp=0.8416 buffer=150000 lr=0.000999 [17.5 ep/s, ETA 0.5h]
Episode 19456: wp=0.6540 buffer=150000 lr=0.000999 [17.6 ep/s, ETA 0.5h]
Episode 19584: wp=0.7651 buffer=150000 lr=0.000999 [17.6 ep/s, ETA 0.5h]
Episode 19712: wp=0.4381 buffer=150000 lr=0.000999 [17.7 ep/s, ETA 0.5h]
Episode 19840: wp=0.7423 buffer=150000 lr=0.000999 [17.7 ep/s, ETA 0.5h]
Episode 19968: wp=0.6693 buffer=150000 lr=0.000999 [17.8 ep/s, ETA 0.5h]
Episode 20096: wp=0.6940 buffer=150000 lr=0.000999 [17.8 ep/s, ETA 0.5h]
Episode 20224: wp=0.5245 buffer=150000 lr=0.000999 [17.9 ep/s, ETA 0.5h]
Episode 20352: wp=0.5379 buffer=150000 lr=0.000999 [17.9 ep/s, ETA 0.5h]
Episode 20480: wp=0.5271 buffer=150000 lr=0.000999 [18.0 ep/s, ETA 0.5h]

  EVAL @ 20480: avg_wp=0.6587 win_rate=96.0%

  New best! Saved to /home/max/heroes-of-the-storm/training/cuda_mcts/x2_results/selfplay/F50k_chance_s0

Episode 20608: wp=0.6753 buffer=150000 lr=0.000999 [18.0 ep/s, ETA 0.5h]
Episode 20736: wp=0.6281 buffer=150000 lr=0.000999 [18.0 ep/s, ETA 0.5h]
Episode 20864: wp=0.6563 buffer=150000 lr=0.000999 [18.1 ep/s, ETA 0.4h]
Episode 20992: wp=0.5043 buffer=150000 lr=0.000999 [18.1 ep/s, ETA 0.4h]
Episode 21120: wp=0.7238 buffer=150000 lr=0.000999 [18.1 ep/s, ETA 0.4h]
Episode 21248: wp=0.7245 buffer=150000 lr=0.000999 [18.2 ep/s, ETA 0.4h]
Episode 21376: wp=0.5595 buffer=150000 lr=0.000999 [18.2 ep/s, ETA 0.4h]
Episode 21504: wp=0.5933 buffer=150000 lr=0.000999 [18.3 ep/s, ETA 0.4h]
Episode 21632: wp=0.7907 buffer=150000 lr=0.000999 [18.3 ep/s, ETA 0.4h]
Episode 21760: wp=0.5726 buffer=150000 lr=0.000999 [18.4 ep/s, ETA 0.4h]
Episode 21888: wp=0.7445 buffer=150000 lr=0.000999 [18.4 ep/s, ETA 0.4h]
Episode 22016: wp=0.6379 buffer=150000 lr=0.000999 [18.4 ep/s, ETA 0.4h]
Episode 22144: wp=0.7294 buffer=150000 lr=0.000999 [18.5 ep/s, ETA 0.4h]
Episode 22272: wp=0.7463 buffer=150000 lr=0.000999 [18.5 ep/s, ETA 0.4h]
Episode 22400: wp=0.5907 buffer=150000 lr=0.000999 [18.6 ep/s, ETA 0.4h]
Episode 22528: wp=0.8186 buffer=150000 lr=0.000999 [18.6 ep/s, ETA 0.4h]
Episode 22656: wp=0.6169 buffer=150000 lr=0.000999 [18.6 ep/s, ETA 0.4h]
Episode 22784: wp=0.6738 buffer=150000 lr=0.000999 [18.7 ep/s, ETA 0.4h]
Episode 22912: wp=0.6816 buffer=150000 lr=0.000999 [18.7 ep/s, ETA 0.4h]
Episode 23040: wp=0.7418 buffer=150000 lr=0.000999 [18.7 ep/s, ETA 0.4h]
Episode 23168: wp=0.7520 buffer=150000 lr=0.000999 [18.8 ep/s, ETA 0.4h]
Episode 23296: wp=0.6271 buffer=150000 lr=0.000999 [18.8 ep/s, ETA 0.4h]
Episode 23424: wp=0.5654 buffer=150000 lr=0.000999 [18.9 ep/s, ETA 0.4h]
Episode 23552: wp=0.3758 buffer=150000 lr=0.000999 [18.9 ep/s, ETA 0.4h]
Episode 23680: wp=0.7591 buffer=150000 lr=0.000999 [18.9 ep/s, ETA 0.4h]
Episode 23808: wp=0.6760 buffer=150000 lr=0.000999 [19.0 ep/s, ETA 0.4h]
Episode 23936: wp=0.6242 buffer=150000 lr=0.000999 [19.0 ep/s, ETA 0.4h]
Episode 24064: wp=0.7548 buffer=150000 lr=0.000999 [19.0 ep/s, ETA 0.4h]
Episode 24192: wp=0.6799 buffer=150000 lr=0.000999 [19.1 ep/s, ETA 0.4h]
Episode 24320: wp=0.7098 buffer=150000 lr=0.000999 [19.1 ep/s, ETA 0.4h]
Episode 24448: wp=0.7235 buffer=150000 lr=0.000999 [19.1 ep/s, ETA 0.4h]
Episode 24576: wp=0.7487 buffer=150000 lr=0.000999 [19.2 ep/s, ETA 0.4h]
Episode 24704: wp=0.6705 buffer=150000 lr=0.000999 [19.2 ep/s, ETA 0.4h]
Episode 24832: wp=0.6087 buffer=150000 lr=0.000999 [19.2 ep/s, ETA 0.4h]
Episode 24960: wp=0.6012 buffer=150000 lr=0.000999 [19.3 ep/s, ETA 0.4h]
Episode 25088: wp=0.6784 buffer=150000 lr=0.000999 [19.3 ep/s, ETA 0.4h]
Episode 25216: wp=0.7431 buffer=150000 lr=0.000999 [19.3 ep/s, ETA 0.4h]
Episode 25344: wp=0.7416 buffer=150000 lr=0.000999 [19.4 ep/s, ETA 0.4h]
Episode 25472: wp=0.6973 buffer=150000 lr=0.000999 [19.4 ep/s, ETA 0.4h]
Episode 25600: wp=0.7943 buffer=150000 lr=0.000999 [19.4 ep/s, ETA 0.3h]

  EVAL @ 25600: avg_wp=0.6787 win_rate=98.0%

  New best! Saved to /home/max/heroes-of-the-storm/training/cuda_mcts/x2_results/selfplay/F50k_chance_s0

Episode 25728: wp=0.7462 buffer=150000 lr=0.000999 [19.4 ep/s, ETA 0.3h]
Episode 25856: wp=0.6551 buffer=150000 lr=0.000999 [19.5 ep/s, ETA 0.3h]
Episode 25984: wp=0.6960 buffer=150000 lr=0.000999 [19.5 ep/s, ETA 0.3h]
Episode 26112: wp=0.7721 buffer=150000 lr=0.000999 [19.5 ep/s, ETA 0.3h]
Episode 26240: wp=0.7944 buffer=150000 lr=0.000999 [19.5 ep/s, ETA 0.3h]
Episode 26368: wp=0.8809 buffer=150000 lr=0.000999 [19.6 ep/s, ETA 0.3h]
Episode 26496: wp=0.7395 buffer=150000 lr=0.000999 [19.6 ep/s, ETA 0.3h]
Episode 26624: wp=0.7291 buffer=150000 lr=0.000999 [19.6 ep/s, ETA 0.3h]
Episode 26752: wp=0.7967 buffer=150000 lr=0.000999 [19.7 ep/s, ETA 0.3h]
Episode 26880: wp=0.6582 buffer=150000 lr=0.000999 [19.7 ep/s, ETA 0.3h]
Episode 27008: wp=0.7593 buffer=150000 lr=0.000999 [19.7 ep/s, ETA 0.3h]
Episode 27136: wp=0.7636 buffer=150000 lr=0.000999 [19.7 ep/s, ETA 0.3h]
Episode 27264: wp=0.3759 buffer=150000 lr=0.000999 [19.8 ep/s, ETA 0.3h]
Episode 27392: wp=0.5512 buffer=150000 lr=0.000999 [19.8 ep/s, ETA 0.3h]
Episode 27520: wp=0.7685 buffer=150000 lr=0.000999 [19.8 ep/s, ETA 0.3h]
Episode 27648: wp=0.6300 buffer=150000 lr=0.000999 [19.9 ep/s, ETA 0.3h]
Episode 27776: wp=0.6201 buffer=150000 lr=0.000999 [19.9 ep/s, ETA 0.3h]
Episode 27904: wp=0.6604 buffer=150000 lr=0.000999 [19.9 ep/s, ETA 0.3h]
Episode 28032: wp=0.7093 buffer=150000 lr=0.000999 [19.9 ep/s, ETA 0.3h]
Episode 28160: wp=0.6787 buffer=150000 lr=0.000999 [20.0 ep/s, ETA 0.3h]
Episode 28288: wp=0.7959 buffer=150000 lr=0.000999 [20.0 ep/s, ETA 0.3h]
Episode 28416: wp=0.6970 buffer=150000 lr=0.000999 [20.0 ep/s, ETA 0.3h]
Episode 28544: wp=0.7603 buffer=150000 lr=0.000999 [20.0 ep/s, ETA 0.3h]
Episode 28672: wp=0.7286 buffer=150000 lr=0.000999 [20.1 ep/s, ETA 0.3h]
Episode 28800: wp=0.6058 buffer=150000 lr=0.000999 [20.1 ep/s, ETA 0.3h]
Episode 28928: wp=0.7725 buffer=150000 lr=0.000999 [20.1 ep/s, ETA 0.3h]
Episode 29056: wp=0.5771 buffer=150000 lr=0.000999 [20.2 ep/s, ETA 0.3h]
Episode 29184: wp=0.7313 buffer=150000 lr=0.000999 [20.2 ep/s, ETA 0.3h]
Episode 29312: wp=0.5506 buffer=150000 lr=0.000999 [20.2 ep/s, ETA 0.3h]
Episode 29440: wp=0.6571 buffer=150000 lr=0.000999 [20.2 ep/s, ETA 0.3h]
Episode 29568: wp=0.8511 buffer=150000 lr=0.000999 [20.3 ep/s, ETA 0.3h]
Episode 29696: wp=0.6296 buffer=150000 lr=0.000999 [20.3 ep/s, ETA 0.3h]
Episode 29824: wp=0.3946 buffer=150000 lr=0.000998 [20.3 ep/s, ETA 0.3h]
Episode 29952: wp=0.6090 buffer=150000 lr=0.000998 [20.3 ep/s, ETA 0.3h]
Episode 30080: wp=0.8222 buffer=150000 lr=0.000998 [20.4 ep/s, ETA 0.3h]
Episode 30208: wp=0.7917 buffer=150000 lr=0.000998 [20.4 ep/s, ETA 0.3h]
Episode 30336: wp=0.7793 buffer=150000 lr=0.000998 [20.4 ep/s, ETA 0.3h]
Episode 30464: wp=0.7339 buffer=150000 lr=0.000998 [20.4 ep/s, ETA 0.3h]
Episode 30592: wp=0.5918 buffer=150000 lr=0.000998 [20.4 ep/s, ETA 0.3h]
Episode 30720: wp=0.5660 buffer=150000 lr=0.000998 [20.5 ep/s, ETA 0.3h]

  EVAL @ 30720: avg_wp=0.6802 win_rate=98.0%

  New best! Saved to /home/max/heroes-of-the-storm/training/cuda_mcts/x2_results/selfplay/F50k_chance_s0

Episode 30848: wp=0.6090 buffer=150000 lr=0.000998 [20.5 ep/s, ETA 0.3h]
Episode 30976: wp=0.7379 buffer=150000 lr=0.000998 [20.5 ep/s, ETA 0.3h]
Episode 31104: wp=0.6563 buffer=150000 lr=0.000998 [20.5 ep/s, ETA 0.3h]
Episode 31232: wp=0.6687 buffer=150000 lr=0.000998 [20.5 ep/s, ETA 0.3h]
Episode 31360: wp=0.8246 buffer=150000 lr=0.000998 [20.6 ep/s, ETA 0.3h]
Episode 31488: wp=0.6083 buffer=150000 lr=0.000998 [20.6 ep/s, ETA 0.2h]
Episode 31616: wp=0.6765 buffer=150000 lr=0.000998 [20.6 ep/s, ETA 0.2h]
Episode 31744: wp=0.7586 buffer=150000 lr=0.000998 [20.6 ep/s, ETA 0.2h]
Episode 31872: wp=0.7586 buffer=150000 lr=0.000998 [20.6 ep/s, ETA 0.2h]
Episode 32000: wp=0.5799 buffer=150000 lr=0.000998 [20.7 ep/s, ETA 0.2h]
Episode 32128: wp=0.6511 buffer=150000 lr=0.000998 [20.7 ep/s, ETA 0.2h]
Episode 32256: wp=0.6704 buffer=150000 lr=0.000998 [20.7 ep/s, ETA 0.2h]
Episode 32384: wp=0.6485 buffer=150000 lr=0.000998 [20.7 ep/s, ETA 0.2h]
Episode 32512: wp=0.7003 buffer=150000 lr=0.000998 [20.8 ep/s, ETA 0.2h]
Episode 32640: wp=0.5234 buffer=150000 lr=0.000998 [20.8 ep/s, ETA 0.2h]
Episode 32768: wp=0.6993 buffer=150000 lr=0.000998 [20.8 ep/s, ETA 0.2h]
Episode 32896: wp=0.6394 buffer=150000 lr=0.000998 [20.8 ep/s, ETA 0.2h]
Episode 33024: wp=0.6868 buffer=150000 lr=0.000998 [20.8 ep/s, ETA 0.2h]
Episode 33152: wp=0.6856 buffer=150000 lr=0.000998 [20.9 ep/s, ETA 0.2h]
Episode 33280: wp=0.6452 buffer=150000 lr=0.000998 [20.9 ep/s, ETA 0.2h]
Episode 33408: wp=0.7910 buffer=150000 lr=0.000998 [20.9 ep/s, ETA 0.2h]
Episode 33536: wp=0.6898 buffer=150000 lr=0.000998 [20.9 ep/s, ETA 0.2h]
Episode 33664: wp=0.6965 buffer=150000 lr=0.000998 [20.9 ep/s, ETA 0.2h]
Episode 33792: wp=0.7356 buffer=150000 lr=0.000998 [21.0 ep/s, ETA 0.2h]
Episode 33920: wp=0.6787 buffer=150000 lr=0.000998 [21.0 ep/s, ETA 0.2h]
Episode 34048: wp=0.6135 buffer=150000 lr=0.000998 [21.0 ep/s, ETA 0.2h]
Episode 34176: wp=0.7009 buffer=150000 lr=0.000998 [21.0 ep/s, ETA 0.2h]
Episode 34304: wp=0.8023 buffer=150000 lr=0.000998 [21.0 ep/s, ETA 0.2h]
Episode 34432: wp=0.6668 buffer=150000 lr=0.000998 [21.1 ep/s, ETA 0.2h]
Episode 34560: wp=0.5134 buffer=150000 lr=0.000998 [21.1 ep/s, ETA 0.2h]
Episode 34688: wp=0.5549 buffer=150000 lr=0.000998 [21.1 ep/s, ETA 0.2h]
Episode 34816: wp=0.5571 buffer=150000 lr=0.000998 [21.1 ep/s, ETA 0.2h]
Episode 34944: wp=0.7563 buffer=150000 lr=0.000998 [21.1 ep/s, ETA 0.2h]
Episode 35072: wp=0.7648 buffer=150000 lr=0.000998 [21.2 ep/s, ETA 0.2h]
Episode 35200: wp=0.7298 buffer=150000 lr=0.000998 [21.2 ep/s, ETA 0.2h]
Episode 35328: wp=0.5726 buffer=150000 lr=0.000998 [21.2 ep/s, ETA 0.2h]
Episode 35456: wp=0.5835 buffer=150000 lr=0.000998 [21.2 ep/s, ETA 0.2h]
Episode 35584: wp=0.7914 buffer=150000 lr=0.000998 [21.2 ep/s, ETA 0.2h]
Episode 35712: wp=0.7300 buffer=150000 lr=0.000998 [21.2 ep/s, ETA 0.2h]
Episode 35840: wp=0.5957 buffer=150000 lr=0.000998 [21.3 ep/s, ETA 0.2h]

  EVAL @ 35840: avg_wp=0.7002 win_rate=100.0%

  New best! Saved to /home/max/heroes-of-the-storm/training/cuda_mcts/x2_results/selfplay/F50k_chance_s0

Episode 35968: wp=0.7002 buffer=150000 lr=0.000998 [21.2 ep/s, ETA 0.2h]
Episode 36096: wp=0.8174 buffer=150000 lr=0.000998 [21.3 ep/s, ETA 0.2h]
Episode 36224: wp=0.7147 buffer=150000 lr=0.000998 [21.3 ep/s, ETA 0.2h]
Episode 36352: wp=0.8036 buffer=150000 lr=0.000998 [21.3 ep/s, ETA 0.2h]
Episode 36480: wp=0.7196 buffer=150000 lr=0.000998 [21.3 ep/s, ETA 0.2h]
Episode 36608: wp=0.7342 buffer=150000 lr=0.000998 [21.3 ep/s, ETA 0.2h]
Episode 36736: wp=0.7367 buffer=150000 lr=0.000998 [21.4 ep/s, ETA 0.2h]
Episode 36864: wp=0.6298 buffer=150000 lr=0.000998 [21.4 ep/s, ETA 0.2h]
Episode 36992: wp=0.8088 buffer=150000 lr=0.000998 [21.4 ep/s, ETA 0.2h]
Episode 37120: wp=0.6963 buffer=150000 lr=0.000998 [21.4 ep/s, ETA 0.2h]
Episode 37248: wp=0.6618 buffer=150000 lr=0.000998 [21.4 ep/s, ETA 0.2h]
Episode 37376: wp=0.5129 buffer=150000 lr=0.000998 [21.4 ep/s, ETA 0.2h]
Episode 37504: wp=0.6576 buffer=150000 lr=0.000998 [21.5 ep/s, ETA 0.2h]
Episode 37632: wp=0.5128 buffer=150000 lr=0.000998 [21.5 ep/s, ETA 0.2h]
Episode 37760: wp=0.5468 buffer=150000 lr=0.000998 [21.5 ep/s, ETA 0.2h]
Episode 37888: wp=0.7020 buffer=150000 lr=0.000998 [21.5 ep/s, ETA 0.2h]
Episode 38016: wp=0.6329 buffer=150000 lr=0.000998 [21.5 ep/s, ETA 0.2h]
Episode 38144: wp=0.5096 buffer=150000 lr=0.000998 [21.5 ep/s, ETA 0.2h]
Episode 38272: wp=0.7106 buffer=150000 lr=0.000998 [21.5 ep/s, ETA 0.2h]
Episode 38400: wp=0.6874 buffer=150000 lr=0.000998 [21.6 ep/s, ETA 0.1h]
Episode 38528: wp=0.7875 buffer=150000 lr=0.000997 [21.6 ep/s, ETA 0.1h]
Episode 38656: wp=0.7363 buffer=150000 lr=0.000997 [21.6 ep/s, ETA 0.1h]
Episode 38784: wp=0.6096 buffer=150000 lr=0.000997 [21.6 ep/s, ETA 0.1h]
Episode 38912: wp=0.7002 buffer=150000 lr=0.000997 [21.6 ep/s, ETA 0.1h]
Episode 39040: wp=0.8148 buffer=150000 lr=0.000997 [21.6 ep/s, ETA 0.1h]
Episode 39168: wp=0.5892 buffer=150000 lr=0.000997 [21.7 ep/s, ETA 0.1h]
Episode 39296: wp=0.7083 buffer=150000 lr=0.000997 [21.7 ep/s, ETA 0.1h]
Episode 39424: wp=0.7192 buffer=150000 lr=0.000997 [21.7 ep/s, ETA 0.1h]
Episode 39552: wp=0.7637 buffer=150000 lr=0.000997 [21.7 ep/s, ETA 0.1h]
Episode 39680: wp=0.7373 buffer=150000 lr=0.000997 [21.7 ep/s, ETA 0.1h]
Episode 39808: wp=0.6703 buffer=150000 lr=0.000997 [21.7 ep/s, ETA 0.1h]
Episode 39936: wp=0.6940 buffer=150000 lr=0.000997 [21.7 ep/s, ETA 0.1h]
Episode 40064: wp=0.7313 buffer=150000 lr=0.000997 [21.8 ep/s, ETA 0.1h]
Episode 40192: wp=0.7005 buffer=150000 lr=0.000997 [21.8 ep/s, ETA 0.1h]
Episode 40320: wp=0.7136 buffer=150000 lr=0.000997 [21.8 ep/s, ETA 0.1h]
Episode 40448: wp=0.7497 buffer=150000 lr=0.000997 [21.8 ep/s, ETA 0.1h]
Episode 40576: wp=0.7166 buffer=150000 lr=0.000997 [21.8 ep/s, ETA 0.1h]
Episode 40704: wp=0.8020 buffer=150000 lr=0.000997 [21.8 ep/s, ETA 0.1h]
Episode 40832: wp=0.7510 buffer=150000 lr=0.000997 [21.8 ep/s, ETA 0.1h]
Episode 40960: wp=0.6796 buffer=150000 lr=0.000997 [21.9 ep/s, ETA 0.1h]

  EVAL @ 40960: avg_wp=0.7103 win_rate=100.0%

  New best! Saved to /home/max/heroes-of-the-storm/training/cuda_mcts/x2_results/selfplay/F50k_chance_s0

Episode 41088: wp=0.7454 buffer=150000 lr=0.000997 [21.8 ep/s, ETA 0.1h]
Episode 41216: wp=0.8279 buffer=150000 lr=0.000997 [21.9 ep/s, ETA 0.1h]
Episode 41344: wp=0.5667 buffer=150000 lr=0.000997 [21.9 ep/s, ETA 0.1h]
Episode 41472: wp=0.5408 buffer=150000 lr=0.000997 [21.9 ep/s, ETA 0.1h]
Episode 41600: wp=0.6018 buffer=150000 lr=0.000997 [21.9 ep/s, ETA 0.1h]
Episode 41728: wp=0.8006 buffer=150000 lr=0.000997 [21.9 ep/s, ETA 0.1h]
Episode 41856: wp=0.4694 buffer=150000 lr=0.000997 [21.9 ep/s, ETA 0.1h]
Episode 41984: wp=0.7574 buffer=150000 lr=0.000997 [21.9 ep/s, ETA 0.1h]
Episode 42112: wp=0.7079 buffer=150000 lr=0.000997 [22.0 ep/s, ETA 0.1h]
Episode 42240: wp=0.7721 buffer=150000 lr=0.000997 [22.0 ep/s, ETA 0.1h]
Episode 42368: wp=0.7763 buffer=150000 lr=0.000997 [22.0 ep/s, ETA 0.1h]
Episode 42496: wp=0.7060 buffer=150000 lr=0.000997 [22.0 ep/s, ETA 0.1h]
Episode 42624: wp=0.7765 buffer=150000 lr=0.000997 [22.0 ep/s, ETA 0.1h]
Episode 42752: wp=0.5809 buffer=150000 lr=0.000997 [22.0 ep/s, ETA 0.1h]
  Resume checkpoint @ 42752 (periodic, 3 pending batches)
Episode 42880: wp=0.7129 buffer=150000 lr=0.000997 [21.9 ep/s, ETA 0.1h]
Episode 43008: wp=0.6853 buffer=150000 lr=0.000997 [22.0 ep/s, ETA 0.1h]
Episode 43136: wp=0.6795 buffer=150000 lr=0.000997 [22.0 ep/s, ETA 0.1h]
Episode 43264: wp=0.7378 buffer=150000 lr=0.000997 [22.1 ep/s, ETA 0.1h]
Episode 43392: wp=0.7821 buffer=150000 lr=0.000997 [22.1 ep/s, ETA 0.1h]
Episode 43520: wp=0.7353 buffer=150000 lr=0.000997 [22.1 ep/s, ETA 0.1h]
Episode 43648: wp=0.7931 buffer=150000 lr=0.000997 [22.1 ep/s, ETA 0.1h]
Episode 43776: wp=0.8849 buffer=150000 lr=0.000997 [22.1 ep/s, ETA 0.1h]
Episode 43904: wp=0.5936 buffer=150000 lr=0.000997 [22.1 ep/s, ETA 0.1h]
Episode 44032: wp=0.7289 buffer=150000 lr=0.000997 [22.1 ep/s, ETA 0.1h]
Episode 44160: wp=0.7493 buffer=150000 lr=0.000997 [22.1 ep/s, ETA 0.1h]
Episode 44288: wp=0.7442 buffer=150000 lr=0.000997 [22.2 ep/s, ETA 0.1h]
Episode 44416: wp=0.7332 buffer=150000 lr=0.000997 [22.2 ep/s, ETA 0.1h]
Episode 44544: wp=0.6410 buffer=150000 lr=0.000997 [22.2 ep/s, ETA 0.1h]
Episode 44672: wp=0.8559 buffer=150000 lr=0.000997 [22.2 ep/s, ETA 0.1h]
Episode 44800: wp=0.7630 buffer=150000 lr=0.000997 [22.2 ep/s, ETA 0.1h]
Episode 44928: wp=0.7644 buffer=150000 lr=0.000997 [22.2 ep/s, ETA 0.1h]
Episode 45056: wp=0.7829 buffer=150000 lr=0.000997 [22.2 ep/s, ETA 0.1h]
Episode 45184: wp=0.5885 buffer=150000 lr=0.000997 [22.3 ep/s, ETA 0.1h]
Episode 45312: wp=0.6665 buffer=150000 lr=0.000997 [22.3 ep/s, ETA 0.1h]
Episode 45440: wp=0.6170 buffer=150000 lr=0.000997 [22.3 ep/s, ETA 0.1h]
Episode 45568: wp=0.6445 buffer=150000 lr=0.000996 [22.3 ep/s, ETA 0.1h]
Episode 45696: wp=0.6585 buffer=150000 lr=0.000996 [22.3 ep/s, ETA 0.1h]
Episode 45824: wp=0.6255 buffer=150000 lr=0.000996 [22.3 ep/s, ETA 0.1h]
Episode 45952: wp=0.6059 buffer=150000 lr=0.000996 [22.3 ep/s, ETA 0.1h]
Episode 46080: wp=0.6592 buffer=150000 lr=0.000996 [22.3 ep/s, ETA 0.0h]

  EVAL @ 46080: avg_wp=0.6979 win_rate=100.0%

Episode 46208: wp=0.6460 buffer=150000 lr=0.000996 [22.3 ep/s, ETA 0.0h]
Episode 46336: wp=0.7349 buffer=150000 lr=0.000996 [22.3 ep/s, ETA 0.0h]
Episode 46464: wp=0.5911 buffer=150000 lr=0.000996 [22.4 ep/s, ETA 0.0h]
Episode 46592: wp=0.7088 buffer=150000 lr=0.000996 [22.4 ep/s, ETA 0.0h]
Episode 46720: wp=0.7842 buffer=150000 lr=0.000996 [22.4 ep/s, ETA 0.0h]
Episode 46848: wp=0.6442 buffer=150000 lr=0.000996 [22.4 ep/s, ETA 0.0h]
Episode 46976: wp=0.7365 buffer=150000 lr=0.000996 [22.4 ep/s, ETA 0.0h]
Episode 47104: wp=0.7211 buffer=150000 lr=0.000996 [22.4 ep/s, ETA 0.0h]
Episode 47232: wp=0.6399 buffer=150000 lr=0.000996 [22.4 ep/s, ETA 0.0h]
Episode 47360: wp=0.5317 buffer=150000 lr=0.000996 [22.4 ep/s, ETA 0.0h]
Episode 47488: wp=0.5745 buffer=150000 lr=0.000996 [22.5 ep/s, ETA 0.0h]
Episode 47616: wp=0.6655 buffer=150000 lr=0.000996 [22.5 ep/s, ETA 0.0h]
Episode 47744: wp=0.6112 buffer=150000 lr=0.000996 [22.5 ep/s, ETA 0.0h]
Episode 47872: wp=0.6267 buffer=150000 lr=0.000996 [22.5 ep/s, ETA 0.0h]
Episode 48000: wp=0.7294 buffer=150000 lr=0.000996 [22.5 ep/s, ETA 0.0h]
Episode 48128: wp=0.7186 buffer=150000 lr=0.000996 [22.5 ep/s, ETA 0.0h]
Episode 48256: wp=0.6988 buffer=150000 lr=0.000996 [22.5 ep/s, ETA 0.0h]
Episode 48384: wp=0.9076 buffer=150000 lr=0.000996 [22.5 ep/s, ETA 0.0h]
Episode 48512: wp=0.7706 buffer=150000 lr=0.000996 [22.5 ep/s, ETA 0.0h]
Episode 48640: wp=0.6585 buffer=150000 lr=0.000996 [22.6 ep/s, ETA 0.0h]
Episode 48768: wp=0.7311 buffer=150000 lr=0.000996 [22.6 ep/s, ETA 0.0h]
Episode 48896: wp=0.8356 buffer=150000 lr=0.000996 [22.6 ep/s, ETA 0.0h]
Episode 49024: wp=0.7041 buffer=150000 lr=0.000996 [22.6 ep/s, ETA 0.0h]
Episode 49152: wp=0.8441 buffer=150000 lr=0.000996 [22.6 ep/s, ETA 0.0h]
Episode 49280: wp=0.6855 buffer=150000 lr=0.000996 [22.6 ep/s, ETA 0.0h]
Episode 49408: wp=0.6436 buffer=150000 lr=0.000996 [22.6 ep/s, ETA 0.0h]
Episode 49536: wp=0.7954 buffer=150000 lr=0.000996 [22.6 ep/s, ETA 0.0h]
Episode 49664: wp=0.7899 buffer=150000 lr=0.000996 [22.6 ep/s, ETA 0.0h]
Episode 49792: wp=0.7769 buffer=150000 lr=0.000996 [22.7 ep/s, ETA 0.0h]
Episode 49920: wp=0.7985 buffer=150000 lr=0.000996 [22.8 ep/s, ETA 0.0h]
Episode 50000: wp=0.7767 buffer=150000 lr=0.000996 [22.8 ep/s, ETA 0.0h]

  EVAL @ 50000: avg_wp=0.7027 win_rate=100.0%

Complete. 47312 episodes in 0.6h (22.8 ep/s)
