Run: x2_F50k_legacy_s0
Config: episodes=50000, sims=400, batch=128, train_device=cuda:0, fresh=True
GPU: 0
Search: legacy (mode 0, pw_k=1.0, pw_alpha=0.5)
GD model: /home/max/heroes-of-the-storm/training/rerun2026/models/generic_draft_0.pt
WP model: enriched full (283d, no step embed)
  WP weights: 107265 floats, 3 layers
StatsCache: loaded frozen snapshot (2026-05-22, patch 2.55)
compositions: own-corpus table /home/max/heroes-of-the-storm/training/paper1_revision/cache/stats/deploy_compositions.json
  LUT blob: 232436 bytes (227.0 KB)
Policy (base, head=linear): 4,368,091 params on cuda:0
Bootstrapped policy head (partial: 128/256 input dims + bias)
Pre-training value head on replay data (device=cuda:0)...
Loaded 1956753 replays from pinned snapshot replay_snapshot_2026-05-22_1956753.json
Pretrain data filter: 1956753 -> 1871892 replays (84861 excluded)
  Value pre-train epoch 5: loss=0.2500
  Value pre-train epoch 10: loss=0.2500
  Value pre-train epoch 15: loss=0.2500
  Value pre-train epoch 20: loss=0.2500
  Value pre-train epoch 25: loss=0.2500
  Value pre-train epoch 30: loss=0.2500
Value head pre-training complete
CUDA kernel engine (batch=128, WP in-kernel)
Ring buffer: 150000 entries, 270 MB
Episode 128: wp=0.6257 buffer=1024 lr=0.001000 [23.8 ep/s, ETA 0.6h]
Episode 256: wp=0.5092 buffer=2048 lr=0.001000 [37.9 ep/s, ETA 0.4h]
Episode 384: wp=0.6286 buffer=3072 lr=0.001000 [47.5 ep/s, ETA 0.3h]
Episode 512: wp=0.5055 buffer=4096 lr=0.001000 [53.9 ep/s, ETA 0.3h]
Episode 640: wp=0.4995 buffer=5120 lr=0.001000 [59.1 ep/s, ETA 0.2h]
Episode 768: wp=0.4928 buffer=6144 lr=0.001000 [63.0 ep/s, ETA 0.2h]
Episode 896: wp=0.6120 buffer=7168 lr=0.001000 [66.2 ep/s, ETA 0.2h]
Episode 1024: wp=0.5249 buffer=8192 lr=0.001000 [68.6 ep/s, ETA 0.2h]
Episode 1152: wp=0.6082 buffer=9216 lr=0.001000 [70.9 ep/s, ETA 0.2h]
Episode 1280: wp=0.5150 buffer=10240 lr=0.001000 [72.8 ep/s, ETA 0.2h]
Episode 1408: wp=0.7742 buffer=11264 lr=0.001000 [74.5 ep/s, ETA 0.2h]
Episode 1536: wp=0.6772 buffer=12288 lr=0.001000 [75.8 ep/s, ETA 0.2h]
Episode 1664: wp=0.5036 buffer=13312 lr=0.001000 [77.0 ep/s, ETA 0.2h]
Episode 1792: wp=0.6882 buffer=14336 lr=0.001000 [78.1 ep/s, ETA 0.2h]
Episode 1920: wp=0.5771 buffer=15360 lr=0.001000 [79.1 ep/s, ETA 0.2h]
Episode 2048: wp=0.7448 buffer=16384 lr=0.001000 [79.9 ep/s, ETA 0.2h]
Episode 2176: wp=0.5786 buffer=17408 lr=0.001000 [80.7 ep/s, ETA 0.2h]
Episode 2304: wp=0.6793 buffer=18432 lr=0.001000 [81.5 ep/s, ETA 0.2h]
Episode 2432: wp=0.6621 buffer=19456 lr=0.001000 [82.2 ep/s, ETA 0.2h]
Episode 2560: wp=0.6260 buffer=20480 lr=0.001000 [82.7 ep/s, ETA 0.2h]
Episode 2688: wp=0.7579 buffer=21504 lr=0.001000 [83.3 ep/s, ETA 0.2h]
Episode 2816: wp=0.5326 buffer=22528 lr=0.001000 [83.8 ep/s, ETA 0.2h]
Episode 2944: wp=0.5251 buffer=23552 lr=0.001000 [84.3 ep/s, ETA 0.2h]
Episode 3072: wp=0.5984 buffer=24576 lr=0.001000 [84.7 ep/s, ETA 0.2h]
Episode 3200: wp=0.7393 buffer=25600 lr=0.001000 [85.1 ep/s, ETA 0.2h]
Episode 3328: wp=0.4403 buffer=26624 lr=0.001000 [85.5 ep/s, ETA 0.2h]
Episode 3456: wp=0.6960 buffer=27648 lr=0.001000 [85.9 ep/s, ETA 0.2h]
Episode 3584: wp=0.5652 buffer=28672 lr=0.001000 [86.1 ep/s, ETA 0.1h]
Episode 3712: wp=0.6910 buffer=29696 lr=0.001000 [86.5 ep/s, ETA 0.1h]
Episode 3840: wp=0.7490 buffer=30720 lr=0.001000 [86.8 ep/s, ETA 0.1h]
Episode 3968: wp=0.5171 buffer=31744 lr=0.001000 [87.1 ep/s, ETA 0.1h]
Episode 4096: wp=0.6181 buffer=32768 lr=0.001000 [87.3 ep/s, ETA 0.1h]
Episode 4224: wp=0.5231 buffer=33792 lr=0.001000 [87.6 ep/s, ETA 0.1h]
Episode 4352: wp=0.5650 buffer=34816 lr=0.001000 [87.8 ep/s, ETA 0.1h]
Episode 4480: wp=0.6323 buffer=35840 lr=0.001000 [88.0 ep/s, ETA 0.1h]
Episode 4608: wp=0.5713 buffer=36864 lr=0.001000 [88.3 ep/s, ETA 0.1h]
Episode 4736: wp=0.5643 buffer=37888 lr=0.001000 [88.4 ep/s, ETA 0.1h]
Episode 4864: wp=0.6179 buffer=38912 lr=0.001000 [88.6 ep/s, ETA 0.1h]
Episode 4992: wp=0.6745 buffer=39936 lr=0.001000 [88.8 ep/s, ETA 0.1h]
Episode 5120: wp=0.6116 buffer=40960 lr=0.001000 [89.0 ep/s, ETA 0.1h]

  EVAL @ 5120: avg_wp=0.6207 win_rate=88.0%

  New best! Saved to /home/max/heroes-of-the-storm/training/cuda_mcts/x2_results/selfplay/F50k_legacy_s0

Episode 5248: wp=0.7311 buffer=41984 lr=0.001000 [88.1 ep/s, ETA 0.1h]
Episode 5376: wp=0.7684 buffer=43008 lr=0.001000 [88.3 ep/s, ETA 0.1h]
Episode 5504: wp=0.8036 buffer=44032 lr=0.001000 [88.4 ep/s, ETA 0.1h]
Episode 5632: wp=0.7220 buffer=45056 lr=0.001000 [88.4 ep/s, ETA 0.1h]
Episode 5760: wp=0.6734 buffer=46080 lr=0.001000 [88.6 ep/s, ETA 0.1h]
Episode 5888: wp=0.7298 buffer=47104 lr=0.001000 [88.7 ep/s, ETA 0.1h]
Episode 6016: wp=0.6710 buffer=48128 lr=0.001000 [88.9 ep/s, ETA 0.1h]
Episode 6144: wp=0.6056 buffer=49152 lr=0.001000 [89.0 ep/s, ETA 0.1h]
Episode 6272: wp=0.8276 buffer=50176 lr=0.001000 [89.1 ep/s, ETA 0.1h]
Episode 6400: wp=0.5899 buffer=51200 lr=0.001000 [89.2 ep/s, ETA 0.1h]
Episode 6528: wp=0.6373 buffer=52224 lr=0.001000 [89.4 ep/s, ETA 0.1h]
Episode 6656: wp=0.7208 buffer=53248 lr=0.001000 [89.4 ep/s, ETA 0.1h]
Episode 6784: wp=0.6011 buffer=54272 lr=0.001000 [89.6 ep/s, ETA 0.1h]
Episode 6912: wp=0.5660 buffer=55296 lr=0.001000 [89.7 ep/s, ETA 0.1h]
Episode 7040: wp=0.5898 buffer=56320 lr=0.001000 [89.8 ep/s, ETA 0.1h]
Episode 7168: wp=0.6151 buffer=57344 lr=0.001000 [89.8 ep/s, ETA 0.1h]
Episode 7296: wp=0.6097 buffer=58368 lr=0.001000 [89.9 ep/s, ETA 0.1h]
Episode 7424: wp=0.6023 buffer=59392 lr=0.001000 [90.0 ep/s, ETA 0.1h]
Episode 7552: wp=0.5139 buffer=60416 lr=0.001000 [90.1 ep/s, ETA 0.1h]
Episode 7680: wp=0.7214 buffer=61440 lr=0.001000 [90.2 ep/s, ETA 0.1h]
Episode 7808: wp=0.5705 buffer=62464 lr=0.001000 [90.2 ep/s, ETA 0.1h]
Episode 7936: wp=0.7423 buffer=63488 lr=0.001000 [90.3 ep/s, ETA 0.1h]
Episode 8064: wp=0.7647 buffer=64512 lr=0.001000 [90.4 ep/s, ETA 0.1h]
Episode 8192: wp=0.7779 buffer=65536 lr=0.001000 [90.5 ep/s, ETA 0.1h]
Episode 8320: wp=0.7682 buffer=66560 lr=0.001000 [90.6 ep/s, ETA 0.1h]
Episode 8448: wp=0.6293 buffer=67584 lr=0.001000 [90.7 ep/s, ETA 0.1h]
Episode 8576: wp=0.7661 buffer=68608 lr=0.001000 [90.8 ep/s, ETA 0.1h]
Episode 8704: wp=0.6785 buffer=69632 lr=0.001000 [90.8 ep/s, ETA 0.1h]
Episode 8832: wp=0.6596 buffer=70656 lr=0.001000 [90.9 ep/s, ETA 0.1h]
Episode 8960: wp=0.6300 buffer=71680 lr=0.001000 [90.9 ep/s, ETA 0.1h]
Episode 9088: wp=0.7152 buffer=72704 lr=0.001000 [91.0 ep/s, ETA 0.1h]
Episode 9216: wp=0.6967 buffer=73728 lr=0.001000 [91.0 ep/s, ETA 0.1h]
Episode 9344: wp=0.7487 buffer=74752 lr=0.001000 [91.1 ep/s, ETA 0.1h]
Episode 9472: wp=0.6542 buffer=75776 lr=0.001000 [91.1 ep/s, ETA 0.1h]
Episode 9600: wp=0.6819 buffer=76800 lr=0.001000 [91.2 ep/s, ETA 0.1h]
Episode 9728: wp=0.7025 buffer=77824 lr=0.001000 [91.3 ep/s, ETA 0.1h]
Episode 9856: wp=0.3741 buffer=78848 lr=0.001000 [91.3 ep/s, ETA 0.1h]
Episode 9984: wp=0.7271 buffer=79872 lr=0.001000 [91.4 ep/s, ETA 0.1h]
Episode 10112: wp=0.5772 buffer=80896 lr=0.001000 [91.4 ep/s, ETA 0.1h]
Episode 10240: wp=0.7145 buffer=81920 lr=0.001000 [91.5 ep/s, ETA 0.1h]

  EVAL @ 10240: avg_wp=0.6364 win_rate=92.0%

  New best! Saved to /home/max/heroes-of-the-storm/training/cuda_mcts/x2_results/selfplay/F50k_legacy_s0

Episode 10368: wp=0.5490 buffer=82944 lr=0.001000 [91.0 ep/s, ETA 0.1h]
Episode 10496: wp=0.4816 buffer=83968 lr=0.001000 [91.0 ep/s, ETA 0.1h]
Episode 10624: wp=0.7421 buffer=84992 lr=0.001000 [91.1 ep/s, ETA 0.1h]
Episode 10752: wp=0.5070 buffer=86016 lr=0.001000 [91.1 ep/s, ETA 0.1h]
Episode 10880: wp=0.7832 buffer=87040 lr=0.001000 [91.2 ep/s, ETA 0.1h]
Episode 11008: wp=0.6744 buffer=88064 lr=0.001000 [91.2 ep/s, ETA 0.1h]
Episode 11136: wp=0.7250 buffer=89088 lr=0.001000 [91.3 ep/s, ETA 0.1h]
Episode 11264: wp=0.6517 buffer=90112 lr=0.001000 [91.3 ep/s, ETA 0.1h]
Episode 11392: wp=0.6171 buffer=91136 lr=0.001000 [91.4 ep/s, ETA 0.1h]
Episode 11520: wp=0.6839 buffer=92160 lr=0.001000 [91.4 ep/s, ETA 0.1h]
Episode 11648: wp=0.6198 buffer=93184 lr=0.001000 [91.5 ep/s, ETA 0.1h]
Episode 11776: wp=0.8399 buffer=94208 lr=0.001000 [91.5 ep/s, ETA 0.1h]
Episode 11904: wp=0.6596 buffer=95232 lr=0.001000 [91.6 ep/s, ETA 0.1h]
Episode 12032: wp=0.7094 buffer=96256 lr=0.001000 [91.6 ep/s, ETA 0.1h]
Episode 12160: wp=0.6413 buffer=97280 lr=0.001000 [91.7 ep/s, ETA 0.1h]
Episode 12288: wp=0.7556 buffer=98304 lr=0.001000 [91.7 ep/s, ETA 0.1h]
Episode 12416: wp=0.6175 buffer=99328 lr=0.001000 [91.8 ep/s, ETA 0.1h]
Episode 12544: wp=0.8096 buffer=100352 lr=0.001000 [91.8 ep/s, ETA 0.1h]
Episode 12672: wp=0.7409 buffer=101376 lr=0.001000 [91.9 ep/s, ETA 0.1h]
Episode 12800: wp=0.7238 buffer=102400 lr=0.001000 [91.9 ep/s, ETA 0.1h]
Episode 12928: wp=0.6894 buffer=103424 lr=0.001000 [92.0 ep/s, ETA 0.1h]
Episode 13056: wp=0.7042 buffer=104448 lr=0.001000 [92.1 ep/s, ETA 0.1h]
Episode 13184: wp=0.6308 buffer=105472 lr=0.001000 [92.1 ep/s, ETA 0.1h]
Episode 13312: wp=0.6744 buffer=106496 lr=0.001000 [92.2 ep/s, ETA 0.1h]
Episode 13440: wp=0.7424 buffer=107520 lr=0.001000 [92.2 ep/s, ETA 0.1h]
Episode 13568: wp=0.6629 buffer=108544 lr=0.001000 [92.3 ep/s, ETA 0.1h]
Episode 13696: wp=0.7983 buffer=109568 lr=0.001000 [92.3 ep/s, ETA 0.1h]
Episode 13824: wp=0.7875 buffer=110592 lr=0.001000 [92.4 ep/s, ETA 0.1h]
Episode 13952: wp=0.6474 buffer=111616 lr=0.001000 [92.4 ep/s, ETA 0.1h]
Episode 14080: wp=0.6512 buffer=112640 lr=0.001000 [92.4 ep/s, ETA 0.1h]
Episode 14208: wp=0.6389 buffer=113664 lr=0.001000 [92.5 ep/s, ETA 0.1h]
Episode 14336: wp=0.6395 buffer=114688 lr=0.001000 [92.5 ep/s, ETA 0.1h]
Episode 14464: wp=0.8247 buffer=115712 lr=0.001000 [92.5 ep/s, ETA 0.1h]
Episode 14592: wp=0.6598 buffer=116736 lr=0.001000 [92.5 ep/s, ETA 0.1h]
Episode 14720: wp=0.5337 buffer=117760 lr=0.001000 [92.6 ep/s, ETA 0.1h]
Episode 14848: wp=0.7223 buffer=118784 lr=0.001000 [92.6 ep/s, ETA 0.1h]
Episode 14976: wp=0.6285 buffer=119808 lr=0.001000 [92.6 ep/s, ETA 0.1h]
Episode 15104: wp=0.6331 buffer=120832 lr=0.001000 [92.7 ep/s, ETA 0.1h]
Episode 15232: wp=0.7397 buffer=121856 lr=0.001000 [92.7 ep/s, ETA 0.1h]
Episode 15360: wp=0.6825 buffer=122880 lr=0.001000 [92.7 ep/s, ETA 0.1h]

  EVAL @ 15360: avg_wp=0.6723 win_rate=98.0%

  New best! Saved to /home/max/heroes-of-the-storm/training/cuda_mcts/x2_results/selfplay/F50k_legacy_s0

Episode 15488: wp=0.7300 buffer=123904 lr=0.001000 [92.4 ep/s, ETA 0.1h]
Episode 15616: wp=0.6332 buffer=124928 lr=0.001000 [92.4 ep/s, ETA 0.1h]
Episode 15744: wp=0.6057 buffer=125952 lr=0.001000 [92.5 ep/s, ETA 0.1h]
Episode 15872: wp=0.5818 buffer=126976 lr=0.001000 [92.5 ep/s, ETA 0.1h]
Episode 16000: wp=0.7006 buffer=128000 lr=0.001000 [92.6 ep/s, ETA 0.1h]
Episode 16128: wp=0.5852 buffer=129024 lr=0.001000 [92.6 ep/s, ETA 0.1h]
Episode 16256: wp=0.6849 buffer=130048 lr=0.001000 [92.6 ep/s, ETA 0.1h]
Episode 16384: wp=0.7147 buffer=131072 lr=0.001000 [92.7 ep/s, ETA 0.1h]
Episode 16512: wp=0.7719 buffer=132096 lr=0.001000 [92.7 ep/s, ETA 0.1h]
Episode 16640: wp=0.7368 buffer=133120 lr=0.001000 [92.7 ep/s, ETA 0.1h]
Episode 16768: wp=0.7393 buffer=134144 lr=0.001000 [92.8 ep/s, ETA 0.1h]
Episode 16896: wp=0.7955 buffer=135168 lr=0.001000 [92.8 ep/s, ETA 0.1h]
Episode 17024: wp=0.7361 buffer=136192 lr=0.001000 [92.8 ep/s, ETA 0.1h]
Episode 17152: wp=0.7848 buffer=137216 lr=0.001000 [92.9 ep/s, ETA 0.1h]
Episode 17280: wp=0.6379 buffer=138240 lr=0.000999 [92.9 ep/s, ETA 0.1h]
Episode 17408: wp=0.7555 buffer=139264 lr=0.000999 [92.9 ep/s, ETA 0.1h]
Episode 17536: wp=0.6681 buffer=140288 lr=0.000999 [93.0 ep/s, ETA 0.1h]
Episode 17664: wp=0.7459 buffer=141312 lr=0.000999 [93.0 ep/s, ETA 0.1h]
Episode 17792: wp=0.6461 buffer=142336 lr=0.000999 [93.1 ep/s, ETA 0.1h]
Episode 17920: wp=0.7594 buffer=143360 lr=0.000999 [93.1 ep/s, ETA 0.1h]
Episode 18048: wp=0.7313 buffer=144384 lr=0.000999 [93.1 ep/s, ETA 0.1h]
Episode 18176: wp=0.6528 buffer=145408 lr=0.000999 [93.2 ep/s, ETA 0.1h]
Episode 18304: wp=0.7099 buffer=146432 lr=0.000999 [93.2 ep/s, ETA 0.1h]
Episode 18432: wp=0.7346 buffer=147456 lr=0.000999 [93.2 ep/s, ETA 0.1h]
Episode 18560: wp=0.5003 buffer=148480 lr=0.000999 [93.3 ep/s, ETA 0.1h]
Episode 18688: wp=0.6258 buffer=149504 lr=0.000999 [93.3 ep/s, ETA 0.1h]
Episode 18816: wp=0.8158 buffer=150000 lr=0.000999 [93.4 ep/s, ETA 0.1h]
Episode 18944: wp=0.8108 buffer=150000 lr=0.000999 [93.4 ep/s, ETA 0.1h]
Episode 19072: wp=0.5864 buffer=150000 lr=0.000999 [93.4 ep/s, ETA 0.1h]
Episode 19200: wp=0.6408 buffer=150000 lr=0.000999 [93.5 ep/s, ETA 0.1h]
Episode 19328: wp=0.5724 buffer=150000 lr=0.000999 [93.5 ep/s, ETA 0.1h]
Episode 19456: wp=0.6666 buffer=150000 lr=0.000999 [93.5 ep/s, ETA 0.1h]
Episode 19584: wp=0.7723 buffer=150000 lr=0.000999 [93.5 ep/s, ETA 0.1h]
Episode 19712: wp=0.8003 buffer=150000 lr=0.000999 [93.6 ep/s, ETA 0.1h]
Episode 19840: wp=0.7864 buffer=150000 lr=0.000999 [93.6 ep/s, ETA 0.1h]
Episode 19968: wp=0.7364 buffer=150000 lr=0.000999 [93.6 ep/s, ETA 0.1h]
Episode 20096: wp=0.5962 buffer=150000 lr=0.000999 [93.7 ep/s, ETA 0.1h]
Episode 20224: wp=0.7285 buffer=150000 lr=0.000999 [93.7 ep/s, ETA 0.1h]
Episode 20352: wp=0.7447 buffer=150000 lr=0.000999 [93.8 ep/s, ETA 0.1h]
Episode 20480: wp=0.7109 buffer=150000 lr=0.000999 [93.8 ep/s, ETA 0.1h]

  EVAL @ 20480: avg_wp=0.6537 win_rate=92.0%

Episode 20608: wp=0.6702 buffer=150000 lr=0.000999 [93.5 ep/s, ETA 0.1h]
Episode 20736: wp=0.7966 buffer=150000 lr=0.000999 [93.6 ep/s, ETA 0.1h]
Episode 20864: wp=0.6693 buffer=150000 lr=0.000999 [93.6 ep/s, ETA 0.1h]
Episode 20992: wp=0.6511 buffer=150000 lr=0.000999 [93.6 ep/s, ETA 0.1h]
Episode 21120: wp=0.7721 buffer=150000 lr=0.000999 [93.7 ep/s, ETA 0.1h]
Episode 21248: wp=0.6327 buffer=150000 lr=0.000999 [93.7 ep/s, ETA 0.1h]
Episode 21376: wp=0.7088 buffer=150000 lr=0.000999 [93.7 ep/s, ETA 0.1h]
Episode 21504: wp=0.7417 buffer=150000 lr=0.000999 [93.8 ep/s, ETA 0.1h]
Episode 21632: wp=0.7539 buffer=150000 lr=0.000999 [93.8 ep/s, ETA 0.1h]
Episode 21760: wp=0.6721 buffer=150000 lr=0.000999 [93.8 ep/s, ETA 0.1h]
Episode 21888: wp=0.6956 buffer=150000 lr=0.000999 [93.9 ep/s, ETA 0.1h]
Episode 22016: wp=0.5827 buffer=150000 lr=0.000999 [93.9 ep/s, ETA 0.1h]
Episode 22144: wp=0.7249 buffer=150000 lr=0.000999 [93.9 ep/s, ETA 0.1h]
Episode 22272: wp=0.6580 buffer=150000 lr=0.000999 [94.0 ep/s, ETA 0.1h]
Episode 22400: wp=0.7218 buffer=150000 lr=0.000999 [94.0 ep/s, ETA 0.1h]
Episode 22528: wp=0.7796 buffer=150000 lr=0.000999 [94.0 ep/s, ETA 0.1h]
Episode 22656: wp=0.7997 buffer=150000 lr=0.000999 [94.0 ep/s, ETA 0.1h]
Episode 22784: wp=0.7999 buffer=150000 lr=0.000999 [94.1 ep/s, ETA 0.1h]
Episode 22912: wp=0.6247 buffer=150000 lr=0.000999 [94.1 ep/s, ETA 0.1h]
Episode 23040: wp=0.7069 buffer=150000 lr=0.000999 [94.1 ep/s, ETA 0.1h]
Episode 23168: wp=0.7890 buffer=150000 lr=0.000999 [94.2 ep/s, ETA 0.1h]
Episode 23296: wp=0.6476 buffer=150000 lr=0.000999 [94.2 ep/s, ETA 0.1h]
Episode 23424: wp=0.7232 buffer=150000 lr=0.000999 [94.2 ep/s, ETA 0.1h]
Episode 23552: wp=0.5690 buffer=150000 lr=0.000999 [94.2 ep/s, ETA 0.1h]
Episode 23680: wp=0.3415 buffer=150000 lr=0.000999 [94.3 ep/s, ETA 0.1h]
Episode 23808: wp=0.6612 buffer=150000 lr=0.000999 [94.3 ep/s, ETA 0.1h]
Episode 23936: wp=0.6408 buffer=150000 lr=0.000999 [94.3 ep/s, ETA 0.1h]
Episode 24064: wp=0.6608 buffer=150000 lr=0.000999 [94.3 ep/s, ETA 0.1h]
Episode 24192: wp=0.6070 buffer=150000 lr=0.000999 [94.4 ep/s, ETA 0.1h]
Episode 24320: wp=0.6235 buffer=150000 lr=0.000999 [94.4 ep/s, ETA 0.1h]
Episode 24448: wp=0.6089 buffer=150000 lr=0.000999 [94.4 ep/s, ETA 0.1h]
Episode 24576: wp=0.6340 buffer=150000 lr=0.000999 [94.4 ep/s, ETA 0.1h]
Episode 24704: wp=0.7354 buffer=150000 lr=0.000999 [94.4 ep/s, ETA 0.1h]
Episode 24832: wp=0.6869 buffer=150000 lr=0.000999 [94.5 ep/s, ETA 0.1h]
Episode 24960: wp=0.7796 buffer=150000 lr=0.000999 [94.5 ep/s, ETA 0.1h]
Episode 25088: wp=0.7239 buffer=150000 lr=0.000999 [94.5 ep/s, ETA 0.1h]
Episode 25216: wp=0.6262 buffer=150000 lr=0.000999 [94.6 ep/s, ETA 0.1h]
Episode 25344: wp=0.6509 buffer=150000 lr=0.000999 [94.6 ep/s, ETA 0.1h]
Episode 25472: wp=0.7309 buffer=150000 lr=0.000999 [94.6 ep/s, ETA 0.1h]
Episode 25600: wp=0.7039 buffer=150000 lr=0.000999 [94.6 ep/s, ETA 0.1h]

  EVAL @ 25600: avg_wp=0.6849 win_rate=98.0%

  New best! Saved to /home/max/heroes-of-the-storm/training/cuda_mcts/x2_results/selfplay/F50k_legacy_s0

Episode 25728: wp=0.6921 buffer=150000 lr=0.000999 [94.4 ep/s, ETA 0.1h]
Episode 25856: wp=0.5114 buffer=150000 lr=0.000999 [94.4 ep/s, ETA 0.1h]
Episode 25984: wp=0.7026 buffer=150000 lr=0.000999 [94.4 ep/s, ETA 0.1h]
Episode 26112: wp=0.6378 buffer=150000 lr=0.000999 [94.5 ep/s, ETA 0.1h]
Episode 26240: wp=0.5672 buffer=150000 lr=0.000999 [94.5 ep/s, ETA 0.1h]
Episode 26368: wp=0.6969 buffer=150000 lr=0.000999 [94.5 ep/s, ETA 0.1h]
Episode 26496: wp=0.6242 buffer=150000 lr=0.000999 [94.5 ep/s, ETA 0.1h]
Episode 26624: wp=0.8209 buffer=150000 lr=0.000999 [94.5 ep/s, ETA 0.1h]
Episode 26752: wp=0.8225 buffer=150000 lr=0.000999 [94.6 ep/s, ETA 0.1h]
Episode 26880: wp=0.5941 buffer=150000 lr=0.000999 [94.6 ep/s, ETA 0.1h]
Episode 27008: wp=0.8370 buffer=150000 lr=0.000999 [94.6 ep/s, ETA 0.1h]
Episode 27136: wp=0.7518 buffer=150000 lr=0.000999 [94.6 ep/s, ETA 0.1h]
Episode 27264: wp=0.7073 buffer=150000 lr=0.000999 [94.7 ep/s, ETA 0.1h]
Episode 27392: wp=0.7768 buffer=150000 lr=0.000999 [94.7 ep/s, ETA 0.1h]
Episode 27520: wp=0.7341 buffer=150000 lr=0.000999 [94.7 ep/s, ETA 0.1h]
Episode 27648: wp=0.6585 buffer=150000 lr=0.000999 [94.7 ep/s, ETA 0.1h]
Episode 27776: wp=0.7289 buffer=150000 lr=0.000999 [94.8 ep/s, ETA 0.1h]
Episode 27904: wp=0.7657 buffer=150000 lr=0.000999 [94.8 ep/s, ETA 0.1h]
Episode 28032: wp=0.7461 buffer=150000 lr=0.000999 [94.8 ep/s, ETA 0.1h]
Episode 28160: wp=0.7657 buffer=150000 lr=0.000999 [94.8 ep/s, ETA 0.1h]
Episode 28288: wp=0.5039 buffer=150000 lr=0.000999 [94.9 ep/s, ETA 0.1h]
Episode 28416: wp=0.6726 buffer=150000 lr=0.000999 [94.9 ep/s, ETA 0.1h]
Episode 28544: wp=0.7134 buffer=150000 lr=0.000999 [94.9 ep/s, ETA 0.1h]
Episode 28672: wp=0.5907 buffer=150000 lr=0.000999 [94.9 ep/s, ETA 0.1h]
Episode 28800: wp=0.8037 buffer=150000 lr=0.000999 [94.9 ep/s, ETA 0.1h]
Episode 28928: wp=0.7585 buffer=150000 lr=0.000999 [95.0 ep/s, ETA 0.1h]
Episode 29056: wp=0.6524 buffer=150000 lr=0.000999 [95.0 ep/s, ETA 0.1h]
Episode 29184: wp=0.7154 buffer=150000 lr=0.000999 [95.0 ep/s, ETA 0.1h]
Episode 29312: wp=0.7865 buffer=150000 lr=0.000999 [95.0 ep/s, ETA 0.1h]
Episode 29440: wp=0.6362 buffer=150000 lr=0.000999 [95.0 ep/s, ETA 0.1h]
Episode 29568: wp=0.6281 buffer=150000 lr=0.000999 [95.1 ep/s, ETA 0.1h]
Episode 29696: wp=0.6759 buffer=150000 lr=0.000999 [95.1 ep/s, ETA 0.1h]
Episode 29824: wp=0.6025 buffer=150000 lr=0.000998 [95.1 ep/s, ETA 0.1h]
Episode 29952: wp=0.7494 buffer=150000 lr=0.000998 [95.1 ep/s, ETA 0.1h]
Episode 30080: wp=0.7505 buffer=150000 lr=0.000998 [95.1 ep/s, ETA 0.1h]
Episode 30208: wp=0.3767 buffer=150000 lr=0.000998 [95.1 ep/s, ETA 0.1h]
Episode 30336: wp=0.7072 buffer=150000 lr=0.000998 [95.1 ep/s, ETA 0.1h]
Episode 30464: wp=0.7173 buffer=150000 lr=0.000998 [95.2 ep/s, ETA 0.1h]
Episode 30592: wp=0.7343 buffer=150000 lr=0.000998 [95.2 ep/s, ETA 0.1h]
Episode 30720: wp=0.7397 buffer=150000 lr=0.000998 [95.2 ep/s, ETA 0.1h]

  EVAL @ 30720: avg_wp=0.6922 win_rate=96.0%

  New best! Saved to /home/max/heroes-of-the-storm/training/cuda_mcts/x2_results/selfplay/F50k_legacy_s0

Episode 30848: wp=0.7763 buffer=150000 lr=0.000998 [95.0 ep/s, ETA 0.1h]
Episode 30976: wp=0.8053 buffer=150000 lr=0.000998 [95.0 ep/s, ETA 0.1h]
Episode 31104: wp=0.6348 buffer=150000 lr=0.000998 [95.1 ep/s, ETA 0.1h]
Episode 31232: wp=0.6053 buffer=150000 lr=0.000998 [95.1 ep/s, ETA 0.1h]
Episode 31360: wp=0.6701 buffer=150000 lr=0.000998 [95.1 ep/s, ETA 0.1h]
Episode 31488: wp=0.7776 buffer=150000 lr=0.000998 [95.1 ep/s, ETA 0.1h]
Episode 31616: wp=0.7338 buffer=150000 lr=0.000998 [95.1 ep/s, ETA 0.1h]
Episode 31744: wp=0.7586 buffer=150000 lr=0.000998 [95.2 ep/s, ETA 0.1h]
Episode 31872: wp=0.7223 buffer=150000 lr=0.000998 [95.2 ep/s, ETA 0.1h]
Episode 32000: wp=0.7151 buffer=150000 lr=0.000998 [95.2 ep/s, ETA 0.1h]
Episode 32128: wp=0.7836 buffer=150000 lr=0.000998 [95.2 ep/s, ETA 0.1h]
Episode 32256: wp=0.6427 buffer=150000 lr=0.000998 [95.2 ep/s, ETA 0.1h]
Episode 32384: wp=0.6911 buffer=150000 lr=0.000998 [95.2 ep/s, ETA 0.1h]
Episode 32512: wp=0.6824 buffer=150000 lr=0.000998 [95.3 ep/s, ETA 0.1h]
Episode 32640: wp=0.5745 buffer=150000 lr=0.000998 [95.3 ep/s, ETA 0.1h]
Episode 32768: wp=0.5871 buffer=150000 lr=0.000998 [95.3 ep/s, ETA 0.1h]
Episode 32896: wp=0.6263 buffer=150000 lr=0.000998 [95.3 ep/s, ETA 0.0h]
Episode 33024: wp=0.6549 buffer=150000 lr=0.000998 [95.3 ep/s, ETA 0.0h]
Episode 33152: wp=0.6699 buffer=150000 lr=0.000998 [95.4 ep/s, ETA 0.0h]
Episode 33280: wp=0.6673 buffer=150000 lr=0.000998 [95.4 ep/s, ETA 0.0h]
Episode 33408: wp=0.7692 buffer=150000 lr=0.000998 [95.4 ep/s, ETA 0.0h]
Episode 33536: wp=0.6205 buffer=150000 lr=0.000998 [95.4 ep/s, ETA 0.0h]
Episode 33664: wp=0.6383 buffer=150000 lr=0.000998 [95.4 ep/s, ETA 0.0h]
Episode 33792: wp=0.5181 buffer=150000 lr=0.000998 [95.4 ep/s, ETA 0.0h]
Episode 33920: wp=0.7301 buffer=150000 lr=0.000998 [95.5 ep/s, ETA 0.0h]
Episode 34048: wp=0.6486 buffer=150000 lr=0.000998 [95.5 ep/s, ETA 0.0h]
Episode 34176: wp=0.6720 buffer=150000 lr=0.000998 [95.5 ep/s, ETA 0.0h]
Episode 34304: wp=0.7063 buffer=150000 lr=0.000998 [95.5 ep/s, ETA 0.0h]
Episode 34432: wp=0.6325 buffer=150000 lr=0.000998 [95.5 ep/s, ETA 0.0h]
Episode 34560: wp=0.7828 buffer=150000 lr=0.000998 [95.5 ep/s, ETA 0.0h]
Episode 34688: wp=0.6941 buffer=150000 lr=0.000998 [95.6 ep/s, ETA 0.0h]
Episode 34816: wp=0.5619 buffer=150000 lr=0.000998 [95.6 ep/s, ETA 0.0h]
Episode 34944: wp=0.6573 buffer=150000 lr=0.000998 [95.6 ep/s, ETA 0.0h]
Episode 35072: wp=0.6505 buffer=150000 lr=0.000998 [95.6 ep/s, ETA 0.0h]
Episode 35200: wp=0.6439 buffer=150000 lr=0.000998 [95.6 ep/s, ETA 0.0h]
Episode 35328: wp=0.6685 buffer=150000 lr=0.000998 [95.6 ep/s, ETA 0.0h]
Episode 35456: wp=0.6330 buffer=150000 lr=0.000998 [95.6 ep/s, ETA 0.0h]
Episode 35584: wp=0.7333 buffer=150000 lr=0.000998 [95.7 ep/s, ETA 0.0h]
Episode 35712: wp=0.7928 buffer=150000 lr=0.000998 [95.7 ep/s, ETA 0.0h]
Episode 35840: wp=0.6444 buffer=150000 lr=0.000998 [95.7 ep/s, ETA 0.0h]

  EVAL @ 35840: avg_wp=0.6909 win_rate=94.0%

Episode 35968: wp=0.5764 buffer=150000 lr=0.000998 [95.5 ep/s, ETA 0.0h]
Episode 36096: wp=0.5429 buffer=150000 lr=0.000998 [95.5 ep/s, ETA 0.0h]
Episode 36224: wp=0.6230 buffer=150000 lr=0.000998 [95.5 ep/s, ETA 0.0h]
Episode 36352: wp=0.6962 buffer=150000 lr=0.000998 [95.5 ep/s, ETA 0.0h]
Episode 36480: wp=0.7200 buffer=150000 lr=0.000998 [95.6 ep/s, ETA 0.0h]
Episode 36608: wp=0.7208 buffer=150000 lr=0.000998 [95.6 ep/s, ETA 0.0h]
Episode 36736: wp=0.7482 buffer=150000 lr=0.000998 [95.6 ep/s, ETA 0.0h]
Episode 36864: wp=0.7231 buffer=150000 lr=0.000998 [95.6 ep/s, ETA 0.0h]
Episode 36992: wp=0.6768 buffer=150000 lr=0.000998 [95.6 ep/s, ETA 0.0h]
Episode 37120: wp=0.7190 buffer=150000 lr=0.000998 [95.6 ep/s, ETA 0.0h]
Episode 37248: wp=0.7085 buffer=150000 lr=0.000998 [95.7 ep/s, ETA 0.0h]
Episode 37376: wp=0.6404 buffer=150000 lr=0.000998 [95.7 ep/s, ETA 0.0h]
Episode 37504: wp=0.7422 buffer=150000 lr=0.000998 [95.7 ep/s, ETA 0.0h]
Episode 37632: wp=0.7870 buffer=150000 lr=0.000998 [95.7 ep/s, ETA 0.0h]
Episode 37760: wp=0.7288 buffer=150000 lr=0.000998 [95.7 ep/s, ETA 0.0h]
Episode 37888: wp=0.7494 buffer=150000 lr=0.000998 [95.7 ep/s, ETA 0.0h]
Episode 38016: wp=0.6745 buffer=150000 lr=0.000998 [95.7 ep/s, ETA 0.0h]
Episode 38144: wp=0.6238 buffer=150000 lr=0.000998 [95.7 ep/s, ETA 0.0h]
Episode 38272: wp=0.7754 buffer=150000 lr=0.000998 [95.7 ep/s, ETA 0.0h]
Episode 38400: wp=0.6902 buffer=150000 lr=0.000998 [95.7 ep/s, ETA 0.0h]
Episode 38528: wp=0.7478 buffer=150000 lr=0.000997 [95.8 ep/s, ETA 0.0h]
Episode 38656: wp=0.8638 buffer=150000 lr=0.000997 [95.8 ep/s, ETA 0.0h]
Episode 38784: wp=0.7805 buffer=150000 lr=0.000997 [95.8 ep/s, ETA 0.0h]
Episode 38912: wp=0.6300 buffer=150000 lr=0.000997 [95.8 ep/s, ETA 0.0h]
Episode 39040: wp=0.6527 buffer=150000 lr=0.000997 [95.8 ep/s, ETA 0.0h]
Episode 39168: wp=0.6895 buffer=150000 lr=0.000997 [95.8 ep/s, ETA 0.0h]
Episode 39296: wp=0.7702 buffer=150000 lr=0.000997 [95.8 ep/s, ETA 0.0h]
Episode 39424: wp=0.6258 buffer=150000 lr=0.000997 [95.8 ep/s, ETA 0.0h]
Episode 39552: wp=0.5320 buffer=150000 lr=0.000997 [95.8 ep/s, ETA 0.0h]
Episode 39680: wp=0.5374 buffer=150000 lr=0.000997 [95.9 ep/s, ETA 0.0h]
Episode 39808: wp=0.7708 buffer=150000 lr=0.000997 [95.9 ep/s, ETA 0.0h]
Episode 39936: wp=0.8090 buffer=150000 lr=0.000997 [95.9 ep/s, ETA 0.0h]
Episode 40064: wp=0.7996 buffer=150000 lr=0.000997 [95.9 ep/s, ETA 0.0h]
Episode 40192: wp=0.6932 buffer=150000 lr=0.000997 [95.9 ep/s, ETA 0.0h]
Episode 40320: wp=0.7722 buffer=150000 lr=0.000997 [95.9 ep/s, ETA 0.0h]
Episode 40448: wp=0.7459 buffer=150000 lr=0.000997 [95.9 ep/s, ETA 0.0h]
Episode 40576: wp=0.7301 buffer=150000 lr=0.000997 [95.9 ep/s, ETA 0.0h]
Episode 40704: wp=0.7147 buffer=150000 lr=0.000997 [95.9 ep/s, ETA 0.0h]
Episode 40832: wp=0.7763 buffer=150000 lr=0.000997 [95.9 ep/s, ETA 0.0h]
Episode 40960: wp=0.6119 buffer=150000 lr=0.000997 [95.9 ep/s, ETA 0.0h]

  EVAL @ 40960: avg_wp=0.6894 win_rate=98.0%

Episode 41088: wp=0.7839 buffer=150000 lr=0.000997 [95.8 ep/s, ETA 0.0h]
Episode 41216: wp=0.7488 buffer=150000 lr=0.000997 [95.8 ep/s, ETA 0.0h]
Episode 41344: wp=0.5548 buffer=150000 lr=0.000997 [95.8 ep/s, ETA 0.0h]
Episode 41472: wp=0.5578 buffer=150000 lr=0.000997 [95.8 ep/s, ETA 0.0h]
Episode 41600: wp=0.7140 buffer=150000 lr=0.000997 [95.9 ep/s, ETA 0.0h]
Episode 41728: wp=0.7580 buffer=150000 lr=0.000997 [95.9 ep/s, ETA 0.0h]
Episode 41856: wp=0.6975 buffer=150000 lr=0.000997 [95.9 ep/s, ETA 0.0h]
Episode 41984: wp=0.7210 buffer=150000 lr=0.000997 [95.9 ep/s, ETA 0.0h]
Episode 42112: wp=0.5164 buffer=150000 lr=0.000997 [95.9 ep/s, ETA 0.0h]
Episode 42240: wp=0.7088 buffer=150000 lr=0.000997 [95.9 ep/s, ETA 0.0h]
Episode 42368: wp=0.6948 buffer=150000 lr=0.000997 [95.9 ep/s, ETA 0.0h]
Episode 42496: wp=0.6278 buffer=150000 lr=0.000997 [95.9 ep/s, ETA 0.0h]
Episode 42624: wp=0.6849 buffer=150000 lr=0.000997 [96.0 ep/s, ETA 0.0h]
Episode 42752: wp=0.8338 buffer=150000 lr=0.000997 [96.0 ep/s, ETA 0.0h]
Episode 42880: wp=0.7320 buffer=150000 lr=0.000997 [96.0 ep/s, ETA 0.0h]
Episode 43008: wp=0.5861 buffer=150000 lr=0.000997 [96.0 ep/s, ETA 0.0h]
Episode 43136: wp=0.7182 buffer=150000 lr=0.000997 [96.0 ep/s, ETA 0.0h]
Episode 43264: wp=0.7228 buffer=150000 lr=0.000997 [96.0 ep/s, ETA 0.0h]
Episode 43392: wp=0.6297 buffer=150000 lr=0.000997 [96.0 ep/s, ETA 0.0h]
Episode 43520: wp=0.7307 buffer=150000 lr=0.000997 [96.0 ep/s, ETA 0.0h]
Episode 43648: wp=0.6921 buffer=150000 lr=0.000997 [96.0 ep/s, ETA 0.0h]
Episode 43776: wp=0.7330 buffer=150000 lr=0.000997 [96.0 ep/s, ETA 0.0h]
Episode 43904: wp=0.6758 buffer=150000 lr=0.000997 [96.0 ep/s, ETA 0.0h]
Episode 44032: wp=0.8430 buffer=150000 lr=0.000997 [96.0 ep/s, ETA 0.0h]
Episode 44160: wp=0.7267 buffer=150000 lr=0.000997 [96.1 ep/s, ETA 0.0h]
Episode 44288: wp=0.7675 buffer=150000 lr=0.000997 [96.1 ep/s, ETA 0.0h]
Episode 44416: wp=0.6701 buffer=150000 lr=0.000997 [96.1 ep/s, ETA 0.0h]
Episode 44544: wp=0.6492 buffer=150000 lr=0.000997 [96.1 ep/s, ETA 0.0h]
Episode 44672: wp=0.6429 buffer=150000 lr=0.000997 [96.1 ep/s, ETA 0.0h]
Episode 44800: wp=0.7303 buffer=150000 lr=0.000997 [96.1 ep/s, ETA 0.0h]
Episode 44928: wp=0.6240 buffer=150000 lr=0.000997 [96.1 ep/s, ETA 0.0h]
Episode 45056: wp=0.7382 buffer=150000 lr=0.000997 [96.1 ep/s, ETA 0.0h]
Episode 45184: wp=0.6683 buffer=150000 lr=0.000997 [96.1 ep/s, ETA 0.0h]
Episode 45312: wp=0.8109 buffer=150000 lr=0.000997 [96.1 ep/s, ETA 0.0h]
Episode 45440: wp=0.7517 buffer=150000 lr=0.000997 [96.2 ep/s, ETA 0.0h]
Episode 45568: wp=0.6116 buffer=150000 lr=0.000996 [95.8 ep/s, ETA 0.0h]
Episode 45696: wp=0.8196 buffer=150000 lr=0.000996 [95.6 ep/s, ETA 0.0h]
Episode 45824: wp=0.7535 buffer=150000 lr=0.000996 [95.7 ep/s, ETA 0.0h]
Episode 45952: wp=0.8227 buffer=150000 lr=0.000996 [95.7 ep/s, ETA 0.0h]
Episode 46080: wp=0.6013 buffer=150000 lr=0.000996 [95.7 ep/s, ETA 0.0h]

  EVAL @ 46080: avg_wp=0.6662 win_rate=92.0%

Episode 46208: wp=0.8112 buffer=150000 lr=0.000996 [95.6 ep/s, ETA 0.0h]
Episode 46336: wp=0.7562 buffer=150000 lr=0.000996 [95.6 ep/s, ETA 0.0h]
Episode 46464: wp=0.8054 buffer=150000 lr=0.000996 [95.6 ep/s, ETA 0.0h]
Episode 46592: wp=0.6514 buffer=150000 lr=0.000996 [95.6 ep/s, ETA 0.0h]
Episode 46720: wp=0.7659 buffer=150000 lr=0.000996 [95.6 ep/s, ETA 0.0h]
Episode 46848: wp=0.7074 buffer=150000 lr=0.000996 [95.6 ep/s, ETA 0.0h]
Episode 46976: wp=0.7484 buffer=150000 lr=0.000996 [95.6 ep/s, ETA 0.0h]
Episode 47104: wp=0.7401 buffer=150000 lr=0.000996 [95.6 ep/s, ETA 0.0h]
Episode 47232: wp=0.6657 buffer=150000 lr=0.000996 [95.6 ep/s, ETA 0.0h]
Episode 47360: wp=0.8133 buffer=150000 lr=0.000996 [95.7 ep/s, ETA 0.0h]
Episode 47488: wp=0.6362 buffer=150000 lr=0.000996 [95.7 ep/s, ETA 0.0h]
Episode 47616: wp=0.7245 buffer=150000 lr=0.000996 [95.7 ep/s, ETA 0.0h]
Episode 47744: wp=0.6985 buffer=150000 lr=0.000996 [95.7 ep/s, ETA 0.0h]
Episode 47872: wp=0.6698 buffer=150000 lr=0.000996 [95.7 ep/s, ETA 0.0h]
Episode 48000: wp=0.7420 buffer=150000 lr=0.000996 [95.7 ep/s, ETA 0.0h]
Episode 48128: wp=0.5186 buffer=150000 lr=0.000996 [95.7 ep/s, ETA 0.0h]
Episode 48256: wp=0.5356 buffer=150000 lr=0.000996 [95.7 ep/s, ETA 0.0h]
Episode 48384: wp=0.7421 buffer=150000 lr=0.000996 [95.7 ep/s, ETA 0.0h]
Episode 48512: wp=0.7040 buffer=150000 lr=0.000996 [95.7 ep/s, ETA 0.0h]
Episode 48640: wp=0.7461 buffer=150000 lr=0.000996 [95.7 ep/s, ETA 0.0h]
Episode 48768: wp=0.6566 buffer=150000 lr=0.000996 [95.8 ep/s, ETA 0.0h]
Episode 48896: wp=0.7913 buffer=150000 lr=0.000996 [95.8 ep/s, ETA 0.0h]
Episode 49024: wp=0.8363 buffer=150000 lr=0.000996 [95.8 ep/s, ETA 0.0h]
Episode 49152: wp=0.7815 buffer=150000 lr=0.000996 [95.8 ep/s, ETA 0.0h]
Episode 49280: wp=0.7274 buffer=150000 lr=0.000996 [95.8 ep/s, ETA 0.0h]
Episode 49408: wp=0.7293 buffer=150000 lr=0.000996 [95.8 ep/s, ETA 0.0h]
Episode 49536: wp=0.8187 buffer=150000 lr=0.000996 [95.8 ep/s, ETA 0.0h]
Episode 49664: wp=0.6570 buffer=150000 lr=0.000996 [95.8 ep/s, ETA 0.0h]
Episode 49792: wp=0.7894 buffer=150000 lr=0.000996 [96.1 ep/s, ETA 0.0h]
Episode 49920: wp=0.7238 buffer=150000 lr=0.000996 [96.3 ep/s, ETA 0.0h]
Episode 50000: wp=0.6596 buffer=150000 lr=0.000996 [96.5 ep/s, ETA 0.0h]

  EVAL @ 50000: avg_wp=0.6898 win_rate=98.0%

Complete. 50000 episodes in 0.1h (96.3 ep/s)
